../Src/main.c:396:13:UART_Send	16	static
../Src/main.c:410:20:BMS_StatusToString	16	static
../Src/main.c:432:20:FaultTypeToString	16	static
../Src/main.c:458:21:BMS_EvaluateSafety	16	static
../Src/main.c:551:5:main	8	static
../Src/main.c:701:6:StartVoltageTask	24	static
../Src/main.c:778:6:StartCurrentTask	24	static
../Src/main.c:842:6:StartTemperatureTask	24	static
../Src/main.c:915:6:StartFaultInjectionTask	168	static
../Src/main.c:1066:6:StartSafetyTask	56	static
../Src/main.c:1233:6:StartMonitorTask	304	static
../Src/main.c:1445:6:SystemClock_Config	88	static
../Src/main.c:1529:13:MX_USART2_UART_Init	8	static
../Src/main.c:1567:13:MX_GPIO_Init	48	static
../Src/main.c:1634:6:Error_Handler	4	static,ignoring_inline_asm
