../Src/main.c:396:13:UART_Send	1
../Src/main.c:410:20:BMS_StatusToString	5
../Src/main.c:432:20:FaultTypeToString	5
../Src/main.c:458:21:BMS_EvaluateSafety	13
../Src/main.c:551:5:main	1
../Src/main.c:701:6:StartVoltageTask	4
../Src/main.c:778:6:StartCurrentTask	3
../Src/main.c:842:6:StartTemperatureTask	3
../Src/main.c:915:6:StartFaultInjectionTask	3
../Src/main.c:1066:6:StartSafetyTask	6
../Src/main.c:1233:6:StartMonitorTask	8
../Src/main.c:1445:6:SystemClock_Config	3
../Src/main.c:1529:13:MX_USART2_UART_Init	2
../Src/main.c:1567:13:MX_GPIO_Init	1
../Src/main.c:1634:6:Error_Handler	1
